C:\Users\danko\IdeaProjects\DankomWrapper\src\main\java\dev\dankom\dew\file\json\JsonFile.java
C:\Users\danko\IdeaProjects\DankomWrapper\src\main\java\dev\dankom\dew\file\json\JsonObjectBuilder.java
C:\Users\danko\IdeaProjects\DankomWrapper\src\main\java\dev\dankom\dew\Registry.java
C:\Users\danko\IdeaProjects\DankomWrapper\src\main\java\dev\dankom\dew\test\RuntimeTest.java
C:\Users\danko\IdeaProjects\DankomWrapper\src\main\java\dev\dankom\dew\util\Color.java
C:\Users\danko\IdeaProjects\DankomWrapper\src\main\java\dev\dankom\dew\test\Test.java
C:\Users\danko\IdeaProjects\DankomWrapper\src\main\java\dev\dankom\dew\logger\LogLevel.java
C:\Users\danko\IdeaProjects\DankomWrapper\src\main\java\dev\dankom\dew\api\discord\DiscordBotAPI.java
C:\Users\danko\IdeaProjects\DankomWrapper\src\main\java\dev\dankom\dew\util\ListUtil.java
C:\Users\danko\IdeaProjects\DankomWrapper\src\main\java\dev\dankom\dew\Wrapper.java
C:\Users\danko\IdeaProjects\DankomWrapper\src\main\java\dev\dankom\dew\logger\Logger.java
C:\Users\danko\IdeaProjects\DankomWrapper\src\main\java\dev\dankom\dew\config\Config.java
C:\Users\danko\IdeaProjects\DankomWrapper\src\main\java\dev\dankom\dew\main\MainClassType.java
C:\Users\danko\IdeaProjects\DankomWrapper\src\main\java\dev\dankom\dew\test\Assert.java
C:\Users\danko\IdeaProjects\DankomWrapper\src\main\java\dev\dankom\dew\api\discord\listener\Listener.java
C:\Users\danko\IdeaProjects\DankomWrapper\src\main\java\dev\dankom\dew\main\MainClass.java
C:\Users\danko\IdeaProjects\DankomWrapper\src\main\java\dev\dankom\dew\config\Private.java
C:\Users\danko\IdeaProjects\DankomWrapper\src\main\java\dev\dankom\dew\test\CallTime.java
C:\Users\danko\IdeaProjects\DankomWrapper\src\main\java\dev\dankom\dew\test\TestRunner.java
C:\Users\danko\IdeaProjects\DankomWrapper\src\main\java\dev\dankom\dew\Start.java
C:\Users\danko\IdeaProjects\DankomWrapper\src\main\java\dev\dankom\dew\api\hypixel\HypixelHook.java
C:\Users\danko\IdeaProjects\DankomWrapper\src\main\java\dev\dankom\dew\discord\DewBot.java
